============================= test session starts =============================
platform win32 -- Python 3.13.4, pytest-9.0.2, pluggy-1.6.0 -- C:\Program Files\Python313\python.exe
cachedir: .pytest_cache
rootdir: D:\SUNDAI - LATAM - AgenteLLM\SUNDAI-LATAM-22-02-2026
plugins: anyio-4.9.0
collecting ... collected 12 items

test_behavioral_device.py::test_device_clean PASSED                      [  8%]
test_behavioral_device.py::test_device_rooted_and_anomalous_ip PASSED    [ 16%]
test_behavioral_device.py::test_device_all_flags PASSED                  [ 25%]
test_behavioral_device.py::test_behavioral_clean PASSED                  [ 33%]
test_behavioral_device.py::test_behavioral_bot_speed PASSED              [ 41%]
test_behavioral_device.py::test_behavioral_medium_speed PASSED           [ 50%]
test_behavioral_device.py::test_behavioral_zero_navigation PASSED        [ 58%]
test_behavioral_device.py::test_behavioral_anomalous_amount PASSED       [ 66%]
test_behavioral_device.py::test_behavioral_no_history PASSED             [ 75%]
test_behavioral_device.py::test_behavioral_all_suspicious PASSED         [ 83%]
test_behavioral_device.py::test_integration_clean PASSED                 [ 91%]
test_behavioral_device.py::test_integration_high_risk PASSED             [100%]

============================= 12 passed in 0.05s ==============================
